{
  "version": "1.5.0",
  "plugins_used": [
    {
      "name": "ArtifactoryDetector"
    },
    {
      "name": "AWSKeyDetector"
    },
    {
      "name": "AzureStorageKeyDetector"
    },
    {
      "name": "Base64HighEntropyString",
      "limit": 4.5
    },
    {
      "name": "BasicAuthDetector"
    },
    {
      "name": "CloudantDetector"
    },
    {
      "name": "DiscordBotTokenDetector"
    },
    {
      "name": "GitHubTokenDetector"
    },
    {
      "name": "GitLabTokenDetector"
    },
    {
      "name": "HexHighEntropyString",
      "limit": 3.0
    },
    {
      "name": "IbmCloudIamDetector"
    },
    {
      "name": "IbmCosHmacDetector"
    },
    {
      "name": "IPPublicDetector"
    },
    {
      "name": "JwtTokenDetector"
    },
    {
      "name": "KeywordDetector",
      "keyword_exclude": ""
    },
    {
      "name": "MailchimpDetector"
    },
    {
      "name": "NpmDetector"
    },
    {
      "name": "OpenAIDetector"
    },
    {
      "name": "PrivateKeyDetector"
    },
    {
      "name": "PypiTokenDetector"
    },
    {
      "name": "SendGridDetector"
    },
    {
      "name": "SlackDetector"
    },
    {
      "name": "SoftlayerDetector"
    },
    {
      "name": "SquareOAuthDetector"
    },
    {
      "name": "StripeDetector"
    },
    {
      "name": "TelegramBotTokenDetector"
    },
    {
      "name": "TwilioKeyDetector"
    }
  ],
  "filters_used": [
    {
      "path": "detect_secrets.filters.allowlist.is_line_allowlisted"
    },
    {
      "path": "detect_secrets.filters.common.is_baseline_file",
      "filename": ".secrets.baseline"
    },
    {
      "path": "detect_secrets.filters.common.is_ignored_due_to_verification_policies",
      "min_level": 2
    },
    {
      "path": "detect_secrets.filters.heuristic.is_indirect_reference"
    },
    {
      "path": "detect_secrets.filters.heuristic.is_likely_id_string"
    },
    {
      "path": "detect_secrets.filters.heuristic.is_lock_file"
    },
    {
      "path": "detect_secrets.filters.heuristic.is_not_alphanumeric_string"
    },
    {
      "path": "detect_secrets.filters.heuristic.is_potential_uuid"
    },
    {
      "path": "detect_secrets.filters.heuristic.is_prefixed_with_dollar_sign"
    },
    {
      "path": "detect_secrets.filters.heuristic.is_sequential_string"
    },
    {
      "path": "detect_secrets.filters.heuristic.is_swagger_file"
    },
    {
      "path": "detect_secrets.filters.heuristic.is_templated_secret"
    }
  ],
  "results": {
    "DL_modeling.ipynb": [
      {
        "type": "Base64 High Entropy String",
        "filename": "DL_modeling.ipynb",
        "hashed_secret": "b9b4379e799e761ec402efdade7ce9bbe9113a61",
        "is_verified": false,
        "line_number": 134
      },
      {
        "type": "Base64 High Entropy String",
        "filename": "DL_modeling.ipynb",
        "hashed_secret": "19c1893611b727c7e1eb4260ee0674f1767fab99",
        "is_verified": false,
        "line_number": 2883
      }
    ],
    "Imp_Class.ipynb": [
      {
        "type": "Base64 High Entropy String",
        "filename": "Imp_Class.ipynb",
        "hashed_secret": "275d04821bbc766ce02a7f5239d2fae9f5cdf017",
        "is_verified": false,
        "line_number": 647
      },
      {
        "type": "Base64 High Entropy String",
        "filename": "Imp_Class.ipynb",
        "hashed_secret": "7b0b5b2babfc6c948ff5b9b002c32b8296fb09e2",
        "is_verified": false,
        "line_number": 1128
      },
      {
        "type": "Hex High Entropy String",
        "filename": "Imp_Class.ipynb",
        "hashed_secret": "5949182d3de9c8c9f7671b7a5ec4128e1870005a",
        "is_verified": false,
        "line_number": 1366
      },
      {
        "type": "Base64 High Entropy String",
        "filename": "Imp_Class.ipynb",
        "hashed_secret": "ecca3a584a6245142294302b55af2ba127c3f916",
        "is_verified": false,
        "line_number": 2067
      },
      {
        "type": "Base64 High Entropy String",
        "filename": "Imp_Class.ipynb",
        "hashed_secret": "ee12903e5ed2efbdd31ccd58455abc8fe9dd5b16",
        "is_verified": false,
        "line_number": 2100
      },
      {
        "type": "Base64 High Entropy String",
        "filename": "Imp_Class.ipynb",
        "hashed_secret": "8f2ea479f6bd58a70971a47581704e8fad8398a3",
        "is_verified": false,
        "line_number": 2196
      },
      {
        "type": "Base64 High Entropy String",
        "filename": "Imp_Class.ipynb",
        "hashed_secret": "0d936835c83adf3ff7de7ce59c6edacc86c5e2dc",
        "is_verified": false,
        "line_number": 3091
      },
      {
        "type": "Base64 High Entropy String",
        "filename": "Imp_Class.ipynb",
        "hashed_secret": "7194ccec98027193ac28379c1984d93debee1a32",
        "is_verified": false,
        "line_number": 9198
      },
      {
        "type": "Base64 High Entropy String",
        "filename": "Imp_Class.ipynb",
        "hashed_secret": "653c24b14926f537eb023055cc0ef53f0f36a617",
        "is_verified": false,
        "line_number": 9243
      },
      {
        "type": "Base64 High Entropy String",
        "filename": "Imp_Class.ipynb",
        "hashed_secret": "af5f81c5b3137db4092277dc218fa5383c1159d1",
        "is_verified": false,
        "line_number": 9274
      },
      {
        "type": "Base64 High Entropy String",
        "filename": "Imp_Class.ipynb",
        "hashed_secret": "917f3df68ccd8573f36fb3c876591ffcb819dc2b",
        "is_verified": false,
        "line_number": 9311
      },
      {
        "type": "Base64 High Entropy String",
        "filename": "Imp_Class.ipynb",
        "hashed_secret": "78ae4aedc3b75464b886ef1832cbaf91bcd0757b",
        "is_verified": false,
        "line_number": 9523
      },
      {
        "type": "Base64 High Entropy String",
        "filename": "Imp_Class.ipynb",
        "hashed_secret": "20ebfaa1e8f956cb2de7ca22b492a9e9342296bc",
        "is_verified": false,
        "line_number": 10841
      },
      {
        "type": "Base64 High Entropy String",
        "filename": "Imp_Class.ipynb",
        "hashed_secret": "08a117dd2900fa70b0b44ffb087cac7c0c154d93",
        "is_verified": false,
        "line_number": 10869
      },
      {
        "type": "Base64 High Entropy String",
        "filename": "Imp_Class.ipynb",
        "hashed_secret": "abfcbd9dff70f10076c6eb697e38a8ad596909ba",
        "is_verified": false,
        "line_number": 11008
      },
      {
        "type": "Base64 High Entropy String",
        "filename": "Imp_Class.ipynb",
        "hashed_secret": "ac4ec5680187f11b2dc0a3c1b31972ed50f95f32",
        "is_verified": false,
        "line_number": 11018
      },
      {
        "type": "Base64 High Entropy String",
        "filename": "Imp_Class.ipynb",
        "hashed_secret": "4035ac2b1e491194e8cd3091045ecc36b14229c1",
        "is_verified": false,
        "line_number": 11050
      },
      {
        "type": "Base64 High Entropy String",
        "filename": "Imp_Class.ipynb",
        "hashed_secret": "05b397815e3d5c8d3339c6205313a1c8e832115a",
        "is_verified": false,
        "line_number": 11116
      },
      {
        "type": "Base64 High Entropy String",
        "filename": "Imp_Class.ipynb",
        "hashed_secret": "57a067e6edec049c89059401847991d7c79639aa",
        "is_verified": false,
        "line_number": 11775
      },
      {
        "type": "Base64 High Entropy String",
        "filename": "Imp_Class.ipynb",
        "hashed_secret": "19c1893611b727c7e1eb4260ee0674f1767fab99",
        "is_verified": false,
        "line_number": 13408
      }
    ],
    "annotations.ipynb": [
      {
        "type": "Base64 High Entropy String",
        "filename": "annotations.ipynb",
        "hashed_secret": "7194ccec98027193ac28379c1984d93debee1a32",
        "is_verified": false,
        "line_number": 1639
      },
      {
        "type": "Base64 High Entropy String",
        "filename": "annotations.ipynb",
        "hashed_secret": "e94600029c7e8754c42ec2578b120f5006fd0cc7",
        "is_verified": false,
        "line_number": 2100
      },
      {
        "type": "Base64 High Entropy String",
        "filename": "annotations.ipynb",
        "hashed_secret": "6558ef170a7642608449f5da3613fba549ae70b6",
        "is_verified": false,
        "line_number": 2121
      },
      {
        "type": "Base64 High Entropy String",
        "filename": "annotations.ipynb",
        "hashed_secret": "81546e725bdf54cc3517814d4cc725b710e1814f",
        "is_verified": false,
        "line_number": 2424
      },
      {
        "type": "Base64 High Entropy String",
        "filename": "annotations.ipynb",
        "hashed_secret": "20ebfaa1e8f956cb2de7ca22b492a9e9342296bc",
        "is_verified": false,
        "line_number": 4497
      },
      {
        "type": "Base64 High Entropy String",
        "filename": "annotations.ipynb",
        "hashed_secret": "08a117dd2900fa70b0b44ffb087cac7c0c154d93",
        "is_verified": false,
        "line_number": 4525
      },
      {
        "type": "Base64 High Entropy String",
        "filename": "annotations.ipynb",
        "hashed_secret": "abfcbd9dff70f10076c6eb697e38a8ad596909ba",
        "is_verified": false,
        "line_number": 4664
      },
      {
        "type": "Base64 High Entropy String",
        "filename": "annotations.ipynb",
        "hashed_secret": "ac4ec5680187f11b2dc0a3c1b31972ed50f95f32",
        "is_verified": false,
        "line_number": 4674
      },
      {
        "type": "Base64 High Entropy String",
        "filename": "annotations.ipynb",
        "hashed_secret": "4035ac2b1e491194e8cd3091045ecc36b14229c1",
        "is_verified": false,
        "line_number": 4706
      },
      {
        "type": "Base64 High Entropy String",
        "filename": "annotations.ipynb",
        "hashed_secret": "05b397815e3d5c8d3339c6205313a1c8e832115a",
        "is_verified": false,
        "line_number": 4772
      },
      {
        "type": "Base64 High Entropy String",
        "filename": "annotations.ipynb",
        "hashed_secret": "57a067e6edec049c89059401847991d7c79639aa",
        "is_verified": false,
        "line_number": 6855
      }
    ],
    "main.ipynb": [
      {
        "type": "Base64 High Entropy String",
        "filename": "main.ipynb",
        "hashed_secret": "30e5cedf7aa44a6802fa7005fc2a4ae171b0f306",
        "is_verified": false,
        "line_number": 613
      }
    ],
    "nuts4.ipynb": [
      {
        "type": "Base64 High Entropy String",
        "filename": "nuts4.ipynb",
        "hashed_secret": "30e5cedf7aa44a6802fa7005fc2a4ae171b0f306",
        "is_verified": false,
        "line_number": 191
      }
    ],
    "osm.ipynb": [
      {
        "type": "Base64 High Entropy String",
        "filename": "osm.ipynb",
        "hashed_secret": "0d936835c83adf3ff7de7ce59c6edacc86c5e2dc",
        "is_verified": false,
        "line_number": 595
      }
    ],
    "sentinelsat.ipynb": [
      {
        "type": "Base64 High Entropy String",
        "filename": "sentinelsat.ipynb",
        "hashed_secret": "275d04821bbc766ce02a7f5239d2fae9f5cdf017",
        "is_verified": false,
        "line_number": 206
      },
      {
        "type": "Base64 High Entropy String",
        "filename": "sentinelsat.ipynb",
        "hashed_secret": "7b0b5b2babfc6c948ff5b9b002c32b8296fb09e2",
        "is_verified": false,
        "line_number": 622
      },
      {
        "type": "Hex High Entropy String",
        "filename": "sentinelsat.ipynb",
        "hashed_secret": "5949182d3de9c8c9f7671b7a5ec4128e1870005a",
        "is_verified": false,
        "line_number": 860
      },
      {
        "type": "Base64 High Entropy String",
        "filename": "sentinelsat.ipynb",
        "hashed_secret": "ecca3a584a6245142294302b55af2ba127c3f916",
        "is_verified": false,
        "line_number": 1561
      },
      {
        "type": "Base64 High Entropy String",
        "filename": "sentinelsat.ipynb",
        "hashed_secret": "ee12903e5ed2efbdd31ccd58455abc8fe9dd5b16",
        "is_verified": false,
        "line_number": 1594
      },
      {
        "type": "Base64 High Entropy String",
        "filename": "sentinelsat.ipynb",
        "hashed_secret": "8f2ea479f6bd58a70971a47581704e8fad8398a3",
        "is_verified": false,
        "line_number": 1690
      }
    ],
    "sparse_notes.ipynb": [
      {
        "type": "Base64 High Entropy String",
        "filename": "sparse_notes.ipynb",
        "hashed_secret": "cd55b5e9b1bdb608b42131701efef88895ddc203",
        "is_verified": false,
        "line_number": 359
      },
      {
        "type": "Base64 High Entropy String",
        "filename": "sparse_notes.ipynb",
        "hashed_secret": "6c1f17885388980a26ce5b16ad013f4d6fdf9ec3",
        "is_verified": false,
        "line_number": 438
      },
      {
        "type": "Hex High Entropy String",
        "filename": "sparse_notes.ipynb",
        "hashed_secret": "753bd7e2634c16769527760f9b5486e828194af1",
        "is_verified": false,
        "line_number": 2790
      },
      {
        "type": "Base64 High Entropy String",
        "filename": "sparse_notes.ipynb",
        "hashed_secret": "d939878ea3e0f4f24dea808169147fae112c13ae",
        "is_verified": false,
        "line_number": 3900
      },
      {
        "type": "Base64 High Entropy String",
        "filename": "sparse_notes.ipynb",
        "hashed_secret": "b29c25d59cb5aee1966374e067078ff5195c109d",
        "is_verified": false,
        "line_number": 3936
      },
      {
        "type": "Base64 High Entropy String",
        "filename": "sparse_notes.ipynb",
        "hashed_secret": "ac9e57883144f5ff8ca4d0bbef4807c52ffd4eaa",
        "is_verified": false,
        "line_number": 3968
      },
      {
        "type": "Base64 High Entropy String",
        "filename": "sparse_notes.ipynb",
        "hashed_secret": "86bca6a35908438b25e584f8b7d72512a5de32f3",
        "is_verified": false,
        "line_number": 4382
      },
      {
        "type": "Base64 High Entropy String",
        "filename": "sparse_notes.ipynb",
        "hashed_secret": "07d167ccf6cbe55740a38b21ead79fbb486e7c9d",
        "is_verified": false,
        "line_number": 5063
      }
    ],
    "test-ee-api.ipynb": [
      {
        "type": "Base64 High Entropy String",
        "filename": "test-ee-api.ipynb",
        "hashed_secret": "859669c40bb56c46515823fd5b2de21f4c2d9fed",
        "is_verified": false,
        "line_number": 17
      }
    ]
  },
  "generated_at": "2026-07-02T15:23:39Z"
}
